[haccp-merce-scanner-20260402.vercel.app/indexf639.html]
[haccp-merce-scanner-20260402.vercel.app/indexff8d.html]
[haccp-merce-scanner-20260402.vercel.app/index.html]
[haccp-merce-scanner-20260402.vercel.app/_next/static/chunks/ddd1c8f140762fc5.css]
[haccp-merce-scanner-20260402.vercel.app/_next/static/chunks/7d410c9e3f1cec8b.js]
[haccp-merce-scanner-20260402.vercel.app/_next/static/chunks/12daa96885968840.js]
[haccp-merce-scanner-20260402.vercel.app/_next/static/chunks/11fe75a1468250d6.js]
[haccp-merce-scanner-20260402.vercel.app/_next/static/chunks/d1c4c969ebfcfff2.js]
[haccp-merce-scanner-20260402.vercel.app/_next/static/chunks/turbopack-7857cf54d1152745.js]
[haccp-merce-scanner-20260402.vercel.app/_next/static/chunks/a64dd8ac4548e12b.js]
[haccp-merce-scanner-20260402.vercel.app/_next/static/chunks/ff1a16fafef87110.js]
[haccp-merce-scanner-20260402.vercel.app/_next/static/chunks/68b103c1af02f772.js]
[haccp-merce-scanner-20260402.vercel.app/_next/static/chunks/139f4921acca8733.js]
[backblue.gif]
[fade.gif]
[index.html]
[haccp-merce-scanner-20260402.vercel.app/_next/static/chunks/30885b1b7bb14f54.js]
[haccp-merce-scanner-20260402.vercel.app/manifest.webmanifest]
[haccp-merce-scanner-20260402.vercel.app/desktop-favicon.png]
[haccp-merce-scanner-20260402.vercel.app/favicon28a7.ico]
[haccp-merce-scanner-20260402.vercel.app/pwa/apple-touch-icon.png]
[haccp-merce-scanner-20260402.vercel.app/indexf639.html]
[haccp-merce-scanner-20260402.vercel.app/indexff8d.html]
[haccp-merce-scanner-20260402.vercel.app/index.html]
[haccp-merce-scanner-20260402.vercel.app/_next/static/chunks/ddd1c8f140762fc5.css]
[haccp-merce-scanner-20260402.vercel.app/_next/static/chunks/a6dad97d9634a72d.js]
